// Jest Snapshot v1, https://goo.gl/fbAQLP

exports[`Should Header component render correctly 1`] = `
<header
  className="header__PageHeader-q13gpr-0 iSXoXP"
>
  <div
    className="header__Wrapper-q13gpr-1 kBoTBU"
  >
    <a
      className="header__Logo-q13gpr-2 bcCSEi"
      href="/"
      onClick={[Function]}
    >
      Chirrup
    </a>
    <nav
      className="header__MainNav-q13gpr-3 LPJae"
    >
      <ul
        className="header__List-q13gpr-4 gxvFWj"
      >
        <li
          className="header__Item-q13gpr-5 fYnSgo"
        >
          <a
            className="header__NavLink-q13gpr-6 hrrukg"
            href="/"
            onClick={[Function]}
          >
            <svg
              className="header__Icon-q13gpr-7 clURuZ"
            >
              <use
                xlinkHref="#home-page"
              />
            </svg>
            <span
              className="header__NavText-q13gpr-8 ggugkA"
            >
              Main
            </span>
          </a>
        </li>
        <li
          className="header__Item-q13gpr-5 fYnSgo"
        >
          <a
            className="header__NavLink-q13gpr-6 hrrukg"
            href="/users"
            onClick={[Function]}
          >
            <svg
              className="header__Icon-q13gpr-7 clURuZ"
            >
              <use
                xlinkHref="#social-group"
              />
            </svg>
            <span
              className="header__NavText-q13gpr-8 ggugkA"
            >
              Users
            </span>
          </a>
        </li>
        <li
          className="header__Item-q13gpr-5 fYnSgo"
        >
          <a
            className="header__NavLink-q13gpr-6 hrrukg"
            href="/contacts"
            onClick={[Function]}
          >
            <svg
              className="header__Icon-q13gpr-7 clURuZ"
            >
              <use
                xlinkHref="#message"
              />
            </svg>
            <span
              className="header__NavText-q13gpr-8 ggugkA"
            >
              Contact us
            </span>
          </a>
        </li>
      </ul>
    </nav>
  </div>
</header>
`;
